python : C:\Users\abdullah.kurkcu\jupyter\Traffic-Visualization-Tools\aggregate
_inrix.py:1093: SettingWithCopyWarning: 
At line:1 char:1
+ python aggregate_inrix.py > test_output.txt 2>&1; Get-Content test_ou ...
+ ~~~~~~~~~~~~~~~~~~~~~~~~~~~~~~~~~~~~~~~~~~~~~~~~
    + CategoryInfo          : NotSpecified: (C:\Users\abdull...thCopyWarning:  
   :String) [], RemoteException
    + FullyQualifiedErrorId : NativeCommandError
 
A value is trying to be set on a copy of a slice from a DataFrame.
Try using .loc[row_indexer,col_indexer] = value instead

See the caveats in the documentation: https://pandas.pydata.org/pandas-docs/sta
ble/user_guide/indexing.html#returning-a-view-versus-a-copy
  corridor_dir['year'] = corridor_dir['datetime'].dt.year
C:\Users\abdullah.kurkcu\jupyter\Traffic-Visualization-Tools\aggregate_inrix.py
:1094: SettingWithCopyWarning: 
A value is trying to be set on a copy of a slice from a DataFrame.
Try using .loc[row_indexer,col_indexer] = value instead

See the caveats in the documentation: https://pandas.pydata.org/pandas-docs/sta
ble/user_guide/indexing.html#returning-a-view-versus-a-copy
  corridor_dir['time_of_day'] = corridor_dir['datetime'].dt.hour + 
corridor_dir['datetime'].dt.minute / 60.0
C:\Users\abdullah.kurkcu\jupyter\Traffic-Visualization-Tools\aggregate_inrix.py
:1093: SettingWithCopyWarning: 
A value is trying to be set on a copy of a slice from a DataFrame.
Try using .loc[row_indexer,col_indexer] = value instead

See the caveats in the documentation: https://pandas.pydata.org/pandas-docs/sta
ble/user_guide/indexing.html#returning-a-view-versus-a-copy
  corridor_dir['year'] = corridor_dir['datetime'].dt.year
C:\Users\abdullah.kurkcu\jupyter\Traffic-Visualization-Tools\aggregate_inrix.py
:1094: SettingWithCopyWarning: 
A value is trying to be set on a copy of a slice from a DataFrame.
Try using .loc[row_indexer,col_indexer] = value instead

See the caveats in the documentation: https://pandas.pydata.org/pandas-docs/sta
ble/user_guide/indexing.html#returning-a-view-versus-a-copy
  corridor_dir['time_of_day'] = corridor_dir['datetime'].dt.hour + 
corridor_dir['datetime'].dt.minute / 60.0
============================================================
INRIX DATA AGGREGATION AND CLUSTERING EXAMPLE
DATA FILTER: from 2022-01-01, to 2022-12-31
============================================================

--- Part 1: Basic Aggregation ---
Aggregated shape: (140064, 4)
Columns: ['I-70 EASTBOUND_travel_time', 'I-70 EASTBOUND_speed', 'I-70 WESTBOUND_travel_time', 'I-70 WESTBOUND_speed']

First few rows:
                     I-70 EASTBOUND_travel_time  ...  I-70 WESTBOUND_speed
datetime                                         ...                      
2022-01-04 00:00:00                    0.432417  ...                69.815
2022-01-04 00:15:00                    0.416250  ...                70.230
2022-01-04 00:30:00                    0.411917  ...                66.360
2022-01-04 00:45:00                    0.412583  ...                67.615
2022-01-04 01:00:00                    0.421750  ...                69.585

[5 rows x 4 columns]

--- Eastbound only ---
EB Aggregated shape: (140064, 2)
EB Columns: ['I-70 EASTBOUND_travel_time', 'I-70 EASTBOUND_speed']

============================================================
PART 2: CLUSTERING ANALYSIS (ALL DIRECTIONS)
Using filtered data: from 2022-01-01, to 2022-12-31
Stopping criterion: cv_normalized
============================================================
Analyzing daily patterns for all directions separately...

Applying temporal filters:
  - Start date: 2022-01-01
  - End date: 2022-12-31
  - Records: 1,684,728 -> 418,722 (24.9%)

Aggregating TMC segments to corridor level (sum travel times, mean speeds)...

Processing 2 directions separately: ['EASTBOUND', 'WESTBOUND']

--- Clustering EASTBOUND ---
  Climate data merged: 365 days
Suggested optimal clusters for EASTBOUND: 3 (based on CV normalized metric)

Cluster distribution for EASTBOUND:
  Cluster 1:  64 days ( 41.0%, 3 snowy)
  Cluster 2:  79 days ( 50.6%, 4 snowy)
  Cluster 3:  13 days (  8.3%, 13 snowy)

--- Clustering WESTBOUND ---
  Climate data merged: 365 days
Suggested optimal clusters for WESTBOUND: 3 (based on CV normalized metric)

Cluster distribution for WESTBOUND:
  Cluster 1:  63 days ( 40.4%, 7 snowy)
  Cluster 2:  83 days ( 53.2%, 3 snowy)
  Cluster 3:  10 days (  6.4%, 10 snowy)

--- Part 3: Visualizations ---
Showing cluster distribution plot...
Showing cluster statistics...

--- Part 4: Time-of-Day Patterns (colored by year) ---
Showing all days overlaid by time of day...

============================================================
PART 5: YEAR COMPARISON ANALYSIS
Using filtered data: from 2022-01-01, to 2022-12-31
============================================================

Applying temporal filters...
Total records: 120,376 -> 29,944
Years in data: [np.int32(2022)]

--- Summary Statistics for EASTBOUND ---

Year 2022:
  N observations: 14972
  Travel Time - Mean: 7.82 min, Median: 6.72 min, Std: 3.11 min
  Speed - Mean: 58.93 mph, Median: 62.16 mph, Std: 9.34 mph

--- Summary Statistics for WESTBOUND ---

Year 2022:
  N observations: 14972
  Travel Time - Mean: 6.68 min, Median: 5.90 min, Std: 2.29 min
  Speed - Mean: 59.96 mph, Median: 63.02 mph, Std: 9.09 mph

============================================================
Analysis complete!
============================================================
